2026-07-02T10:53:23.448+05:30  INFO 9064 --- [CareAssist] [restartedMain] c.h.careassist.CareAssistApplication     : Starting CareAssistApplication using Java 23.0.2 with PID 9064 (E:\Software\sts-5.1.1.RELEASE\ProjFiles\CareAssist\target\classes started by ADMIN in E:\Software\sts-5.1.1.RELEASE\ProjFiles\CareAssist)
2026-07-02T10:53:23.459+05:30 DEBUG 9064 --- [CareAssist] [restartedMain] c.h.careassist.CareAssistApplication     : Running with Spring Boot v3.5.15, Spring v6.2.19
2026-07-02T10:53:23.461+05:30  INFO 9064 --- [CareAssist] [restartedMain] c.h.careassist.CareAssistApplication     : No active profile set, falling back to 1 default profile: "default"
2026-07-02T10:53:23.633+05:30  INFO 9064 --- [CareAssist] [restartedMain] .e.DevToolsPropertyDefaultsPostProcessor : Devtools property defaults active! Set 'spring.devtools.add-properties' to 'false' to disable
2026-07-02T10:53:23.633+05:30  INFO 9064 --- [CareAssist] [restartedMain] .e.DevToolsPropertyDefaultsPostProcessor : For additional web related logging consider setting the 'logging.level.web' property to 'DEBUG'
2026-07-02T10:53:26.576+05:30  INFO 9064 --- [CareAssist] [restartedMain] .s.d.r.c.RepositoryConfigurationDelegate : Bootstrapping Spring Data JPA repositories in DEFAULT mode.
2026-07-02T10:53:26.884+05:30  INFO 9064 --- [CareAssist] [restartedMain] .s.d.r.c.RepositoryConfigurationDelegate : Finished Spring Data repository scanning in 278 ms. Found 12 JPA repository interfaces.
2026-07-02T10:53:28.468+05:30  INFO 9064 --- [CareAssist] [restartedMain] o.s.b.w.embedded.tomcat.TomcatWebServer  : Tomcat initialized with port 8080 (http)
2026-07-02T10:53:28.515+05:30  INFO 9064 --- [CareAssist] [restartedMain] o.apache.catalina.core.StandardService   : Starting service [Tomcat]
2026-07-02T10:53:28.517+05:30  INFO 9064 --- [CareAssist] [restartedMain] o.apache.catalina.core.StandardEngine    : Starting Servlet engine: [Apache Tomcat/10.1.55]
2026-07-02T10:53:28.680+05:30  INFO 9064 --- [CareAssist] [restartedMain] o.a.c.c.C.[Tomcat].[localhost].[/]       : Initializing Spring embedded WebApplicationContext
2026-07-02T10:53:28.682+05:30  INFO 9064 --- [CareAssist] [restartedMain] w.s.c.ServletWebServerApplicationContext : Root WebApplicationContext: initialization completed in 5040 ms
2026-07-02T10:53:29.076+05:30  INFO 9064 --- [CareAssist] [restartedMain] o.hibernate.jpa.internal.util.LogHelper  : HHH000204: Processing PersistenceUnitInfo [name: default]
2026-07-02T10:53:29.259+05:30  INFO 9064 --- [CareAssist] [restartedMain] org.hibernate.Version                    : HHH000412: Hibernate ORM core version 6.6.53.Final
2026-07-02T10:53:29.375+05:30  INFO 9064 --- [CareAssist] [restartedMain] o.h.c.internal.RegionFactoryInitiator    : HHH000026: Second-level cache disabled
2026-07-02T10:53:30.156+05:30  INFO 9064 --- [CareAssist] [restartedMain] o.s.o.j.p.SpringPersistenceUnitInfo      : No LoadTimeWeaver setup: ignoring JPA class transformer
2026-07-02T10:53:30.264+05:30  INFO 9064 --- [CareAssist] [restartedMain] com.zaxxer.hikari.HikariDataSource       : HikariPool-1 - Starting...
2026-07-02T10:53:31.647+05:30  INFO 9064 --- [CareAssist] [restartedMain] com.zaxxer.hikari.pool.HikariPool        : HikariPool-1 - Added connection com.mysql.cj.jdbc.ConnectionImpl@15ed8e92
2026-07-02T10:53:31.647+05:30  INFO 9064 --- [CareAssist] [restartedMain] com.zaxxer.hikari.HikariDataSource       : HikariPool-1 - Start completed.
2026-07-02T10:53:31.973+05:30  INFO 9064 --- [CareAssist] [restartedMain] org.hibernate.orm.connections.pooling    : HHH10001005: Database info:
	Database JDBC URL [Connecting through datasource 'HikariDataSource (HikariPool-1)']
	Database driver: undefined/unknown
	Database version: 8.0.40
	Autocommit mode: undefined/unknown
	Isolation level: undefined/unknown
	Minimum pool size: undefined/unknown
	Maximum pool size: undefined/unknown
2026-07-02T10:53:34.814+05:30  INFO 9064 --- [CareAssist] [restartedMain] o.h.e.t.j.p.i.JtaPlatformInitiator       : HHH000489: No JTA platform available (set 'hibernate.transaction.jta.platform' to enable JTA platform integration)
2026-07-02T10:53:35.356+05:30  INFO 9064 --- [CareAssist] [restartedMain] j.LocalContainerEntityManagerFactoryBean : Initialized JPA EntityManagerFactory for persistence unit 'default'
2026-07-02T10:53:36.133+05:30 DEBUG 9064 --- [CareAssist] [restartedMain] c.h.c.security.JwtAuthenticationFilter   : Filter 'jwtAuthenticationFilter' configured for use
2026-07-02T10:53:36.306+05:30  INFO 9064 --- [CareAssist] [restartedMain] eAuthenticationProviderManagerConfigurer : Global AuthenticationManager configured with AuthenticationProvider bean with name authenticationProvider
2026-07-02T10:53:36.307+05:30  WARN 9064 --- [CareAssist] [restartedMain] r$InitializeUserDetailsManagerConfigurer : Global AuthenticationManager configured with an AuthenticationProvider bean. UserDetailsService beans will not be used by Spring Security for automatically configuring username/password login. Consider removing the AuthenticationProvider bean. Alternatively, consider using the UserDetailsService in a manually instantiated DaoAuthenticationProvider. If the current configuration is intentional, to turn off this warning, increase the logging level of 'org.springframework.security.config.annotation.authentication.configuration.InitializeUserDetailsBeanManagerConfigurer' to ERROR
2026-07-02T10:53:36.970+05:30  WARN 9064 --- [CareAssist] [restartedMain] JpaBaseConfiguration$JpaWebConfiguration : spring.jpa.open-in-view is enabled by default. Therefore, database queries may be performed during view rendering. Explicitly configure spring.jpa.open-in-view to disable this warning
2026-07-02T10:53:38.460+05:30  INFO 9064 --- [CareAssist] [restartedMain] o.s.b.d.a.OptionalLiveReloadServer       : LiveReload server is running on port 35729
2026-07-02T10:53:38.573+05:30  INFO 9064 --- [CareAssist] [restartedMain] o.s.b.w.embedded.tomcat.TomcatWebServer  : Tomcat started on port 8080 (http) with context path '/'
2026-07-02T10:53:38.601+05:30  INFO 9064 --- [CareAssist] [restartedMain] c.h.careassist.CareAssistApplication     : Started CareAssistApplication in 16.229 seconds (process running for 18.062)
2026-07-02T10:53:38.612+05:30  WARN 9064 --- [CareAssist] [restartedMain] o.s.core.events.SpringDocAppInitializer  : SpringDoc /v3/api-docs endpoint is enabled by default. To disable it in production, set the property 'springdoc.api-docs.enabled=false'
2026-07-02T10:53:38.612+05:30  WARN 9064 --- [CareAssist] [restartedMain] o.s.core.events.SpringDocAppInitializer  : SpringDoc /swagger-ui.html endpoint is enabled by default. To disable it in production, set the property 'springdoc.swagger-ui.enabled=false'
2026-07-02T10:55:02.628+05:30  INFO 9064 --- [CareAssist] [http-nio-8080-exec-1] o.a.c.c.C.[Tomcat].[localhost].[/]       : Initializing Spring DispatcherServlet 'dispatcherServlet'
2026-07-02T10:55:02.639+05:30  INFO 9064 --- [CareAssist] [http-nio-8080-exec-1] o.s.web.servlet.DispatcherServlet        : Initializing Servlet 'dispatcherServlet'
2026-07-02T10:55:02.700+05:30  INFO 9064 --- [CareAssist] [http-nio-8080-exec-1] o.s.web.servlet.DispatcherServlet        : Completed initialization in 58 ms
2026-07-02T10:57:40.062+05:30  INFO 9064 --- [CareAssist] [RMI TCP Connection(8)-127.0.0.1] inMXBeanRegistrar$SpringApplicationAdmin : Application shutdown requested.
2026-07-02T10:57:40.087+05:30  INFO 9064 --- [CareAssist] [RMI TCP Connection(8)-127.0.0.1] o.s.b.w.e.tomcat.GracefulShutdown        : Commencing graceful shutdown. Waiting for active requests to complete
2026-07-02T10:57:40.109+05:30  INFO 9064 --- [CareAssist] [tomcat-shutdown] o.s.b.w.e.tomcat.GracefulShutdown        : Graceful shutdown complete
2026-07-02T10:57:40.130+05:30  INFO 9064 --- [CareAssist] [RMI TCP Connection(8)-127.0.0.1] j.LocalContainerEntityManagerFactoryBean : Closing JPA EntityManagerFactory for persistence unit 'default'
2026-07-02T10:57:40.145+05:30  INFO 9064 --- [CareAssist] [RMI TCP Connection(8)-127.0.0.1] com.zaxxer.hikari.HikariDataSource       : HikariPool-1 - Shutdown initiated...
2026-07-02T10:57:40.162+05:30  INFO 9064 --- [CareAssist] [RMI TCP Connection(8)-127.0.0.1] com.zaxxer.hikari.HikariDataSource       : HikariPool-1 - Shutdown completed.
2026-07-02T11:03:15.907+05:30  INFO 20992 --- [CareAssist] [restartedMain] c.h.careassist.CareAssistApplication     : Starting CareAssistApplication using Java 23.0.2 with PID 20992 (E:\Software\sts-5.1.1.RELEASE\ProjFiles\CareAssist\target\classes started by ADMIN in E:\Software\sts-5.1.1.RELEASE\ProjFiles\CareAssist)
2026-07-02T11:03:15.910+05:30 DEBUG 20992 --- [CareAssist] [restartedMain] c.h.careassist.CareAssistApplication     : Running with Spring Boot v3.5.15, Spring v6.2.19
2026-07-02T11:03:15.911+05:30  INFO 20992 --- [CareAssist] [restartedMain] c.h.careassist.CareAssistApplication     : No active profile set, falling back to 1 default profile: "default"
2026-07-02T11:03:16.001+05:30  INFO 20992 --- [CareAssist] [restartedMain] .e.DevToolsPropertyDefaultsPostProcessor : Devtools property defaults active! Set 'spring.devtools.add-properties' to 'false' to disable
2026-07-02T11:03:16.001+05:30  INFO 20992 --- [CareAssist] [restartedMain] .e.DevToolsPropertyDefaultsPostProcessor : For additional web related logging consider setting the 'logging.level.web' property to 'DEBUG'
2026-07-02T11:03:17.293+05:30  INFO 20992 --- [CareAssist] [restartedMain] .s.d.r.c.RepositoryConfigurationDelegate : Bootstrapping Spring Data JPA repositories in DEFAULT mode.
2026-07-02T11:03:17.450+05:30  INFO 20992 --- [CareAssist] [restartedMain] .s.d.r.c.RepositoryConfigurationDelegate : Finished Spring Data repository scanning in 140 ms. Found 12 JPA repository interfaces.
2026-07-02T11:03:18.305+05:30  INFO 20992 --- [CareAssist] [restartedMain] o.s.b.w.embedded.tomcat.TomcatWebServer  : Tomcat initialized with port 8080 (http)
2026-07-02T11:03:18.328+05:30  INFO 20992 --- [CareAssist] [restartedMain] o.apache.catalina.core.StandardService   : Starting service [Tomcat]
2026-07-02T11:03:18.329+05:30  INFO 20992 --- [CareAssist] [restartedMain] o.apache.catalina.core.StandardEngine    : Starting Servlet engine: [Apache Tomcat/10.1.55]
2026-07-02T11:03:18.412+05:30  INFO 20992 --- [CareAssist] [restartedMain] o.a.c.c.C.[Tomcat].[localhost].[/]       : Initializing Spring embedded WebApplicationContext
2026-07-02T11:03:18.412+05:30  INFO 20992 --- [CareAssist] [restartedMain] w.s.c.ServletWebServerApplicationContext : Root WebApplicationContext: initialization completed in 2410 ms
2026-07-02T11:03:18.637+05:30  INFO 20992 --- [CareAssist] [restartedMain] o.hibernate.jpa.internal.util.LogHelper  : HHH000204: Processing PersistenceUnitInfo [name: default]
2026-07-02T11:03:18.730+05:30  INFO 20992 --- [CareAssist] [restartedMain] org.hibernate.Version                    : HHH000412: Hibernate ORM core version 6.6.53.Final
2026-07-02T11:03:18.792+05:30  INFO 20992 --- [CareAssist] [restartedMain] o.h.c.internal.RegionFactoryInitiator    : HHH000026: Second-level cache disabled
2026-07-02T11:03:19.295+05:30  INFO 20992 --- [CareAssist] [restartedMain] o.s.o.j.p.SpringPersistenceUnitInfo      : No LoadTimeWeaver setup: ignoring JPA class transformer
2026-07-02T11:03:19.357+05:30  INFO 20992 --- [CareAssist] [restartedMain] com.zaxxer.hikari.HikariDataSource       : HikariPool-1 - Starting...
2026-07-02T11:03:20.281+05:30  INFO 20992 --- [CareAssist] [restartedMain] com.zaxxer.hikari.pool.HikariPool        : HikariPool-1 - Added connection com.mysql.cj.jdbc.ConnectionImpl@6651843b
2026-07-02T11:03:20.286+05:30  INFO 20992 --- [CareAssist] [restartedMain] com.zaxxer.hikari.HikariDataSource       : HikariPool-1 - Start completed.
2026-07-02T11:03:20.455+05:30  INFO 20992 --- [CareAssist] [restartedMain] org.hibernate.orm.connections.pooling    : HHH10001005: Database info:
	Database JDBC URL [Connecting through datasource 'HikariDataSource (HikariPool-1)']
	Database driver: undefined/unknown
	Database version: 8.0.40
	Autocommit mode: undefined/unknown
	Isolation level: undefined/unknown
	Minimum pool size: undefined/unknown
	Maximum pool size: undefined/unknown
2026-07-02T11:03:22.088+05:30  INFO 20992 --- [CareAssist] [restartedMain] o.h.e.t.j.p.i.JtaPlatformInitiator       : HHH000489: No JTA platform available (set 'hibernate.transaction.jta.platform' to enable JTA platform integration)
2026-07-02T11:03:22.387+05:30  INFO 20992 --- [CareAssist] [restartedMain] j.LocalContainerEntityManagerFactoryBean : Initialized JPA EntityManagerFactory for persistence unit 'default'
2026-07-02T11:03:22.852+05:30 DEBUG 20992 --- [CareAssist] [restartedMain] c.h.c.security.JwtAuthenticationFilter   : Filter 'jwtAuthenticationFilter' configured for use
2026-07-02T11:03:22.943+05:30  INFO 20992 --- [CareAssist] [restartedMain] eAuthenticationProviderManagerConfigurer : Global AuthenticationManager configured with AuthenticationProvider bean with name authenticationProvider
2026-07-02T11:03:22.945+05:30  WARN 20992 --- [CareAssist] [restartedMain] r$InitializeUserDetailsManagerConfigurer : Global AuthenticationManager configured with an AuthenticationProvider bean. UserDetailsService beans will not be used by Spring Security for automatically configuring username/password login. Consider removing the AuthenticationProvider bean. Alternatively, consider using the UserDetailsService in a manually instantiated DaoAuthenticationProvider. If the current configuration is intentional, to turn off this warning, increase the logging level of 'org.springframework.security.config.annotation.authentication.configuration.InitializeUserDetailsBeanManagerConfigurer' to ERROR
2026-07-02T11:03:23.325+05:30  WARN 20992 --- [CareAssist] [restartedMain] JpaBaseConfiguration$JpaWebConfiguration : spring.jpa.open-in-view is enabled by default. Therefore, database queries may be performed during view rendering. Explicitly configure spring.jpa.open-in-view to disable this warning
2026-07-02T11:03:24.189+05:30  INFO 20992 --- [CareAssist] [restartedMain] o.s.b.d.a.OptionalLiveReloadServer       : LiveReload server is running on port 35729
2026-07-02T11:03:24.257+05:30  INFO 20992 --- [CareAssist] [restartedMain] o.s.b.w.embedded.tomcat.TomcatWebServer  : Tomcat started on port 8080 (http) with context path '/'
2026-07-02T11:03:24.268+05:30  INFO 20992 --- [CareAssist] [restartedMain] c.h.careassist.CareAssistApplication     : Started CareAssistApplication in 8.928 seconds (process running for 9.893)
2026-07-02T11:03:24.272+05:30  WARN 20992 --- [CareAssist] [restartedMain] o.s.core.events.SpringDocAppInitializer  : SpringDoc /v3/api-docs endpoint is enabled by default. To disable it in production, set the property 'springdoc.api-docs.enabled=false'
2026-07-02T11:03:24.273+05:30  WARN 20992 --- [CareAssist] [restartedMain] o.s.core.events.SpringDocAppInitializer  : SpringDoc /swagger-ui.html endpoint is enabled by default. To disable it in production, set the property 'springdoc.swagger-ui.enabled=false'
2026-07-02T11:04:36.252+05:30  INFO 20992 --- [CareAssist] [http-nio-8080-exec-1] o.a.c.c.C.[Tomcat].[localhost].[/]       : Initializing Spring DispatcherServlet 'dispatcherServlet'
2026-07-02T11:04:36.255+05:30  INFO 20992 --- [CareAssist] [http-nio-8080-exec-1] o.s.web.servlet.DispatcherServlet        : Initializing Servlet 'dispatcherServlet'
2026-07-02T11:04:36.267+05:30  INFO 20992 --- [CareAssist] [http-nio-8080-exec-1] o.s.web.servlet.DispatcherServlet        : Completed initialization in 11 ms
2026-07-02T11:09:17.919+05:30  INFO 20992 --- [CareAssist] [File Watcher] rtingClassPathChangeChangedEventListener : Restarting due to 1 class path change (0 additions, 0 deletions, 1 modification)
2026-07-02T11:09:17.972+05:30  INFO 20992 --- [CareAssist] [Thread-5] o.s.b.w.e.tomcat.GracefulShutdown        : Commencing graceful shutdown. Waiting for active requests to complete
2026-07-02T11:09:18.000+05:30  INFO 20992 --- [CareAssist] [tomcat-shutdown] o.s.b.w.e.tomcat.GracefulShutdown        : Graceful shutdown complete
2026-07-02T11:09:18.035+05:30  INFO 20992 --- [CareAssist] [Thread-5] j.LocalContainerEntityManagerFactoryBean : Closing JPA EntityManagerFactory for persistence unit 'default'
2026-07-02T11:09:18.071+05:30  INFO 20992 --- [CareAssist] [Thread-5] com.zaxxer.hikari.HikariDataSource       : HikariPool-1 - Shutdown initiated...
2026-07-02T11:09:18.117+05:30  INFO 20992 --- [CareAssist] [Thread-5] com.zaxxer.hikari.HikariDataSource       : HikariPool-1 - Shutdown completed.
2026-07-02T11:09:18.366+05:30  INFO 20992 --- [CareAssist] [restartedMain] c.h.careassist.CareAssistApplication     : Starting CareAssistApplication using Java 23.0.2 with PID 20992 (E:\Software\sts-5.1.1.RELEASE\ProjFiles\CareAssist\target\classes started by ADMIN in E:\Software\sts-5.1.1.RELEASE\ProjFiles\CareAssist)
2026-07-02T11:09:18.366+05:30 DEBUG 20992 --- [CareAssist] [restartedMain] c.h.careassist.CareAssistApplication     : Running with Spring Boot v3.5.15, Spring v6.2.19
2026-07-02T11:09:18.366+05:30  INFO 20992 --- [CareAssist] [restartedMain] c.h.careassist.CareAssistApplication     : No active profile set, falling back to 1 default profile: "default"
2026-07-02T11:09:18.906+05:30  INFO 20992 --- [CareAssist] [restartedMain] .s.d.r.c.RepositoryConfigurationDelegate : Bootstrapping Spring Data JPA repositories in DEFAULT mode.
2026-07-02T11:09:18.984+05:30  INFO 20992 --- [CareAssist] [restartedMain] .s.d.r.c.RepositoryConfigurationDelegate : Finished Spring Data repository scanning in 77 ms. Found 12 JPA repository interfaces.
2026-07-02T11:09:19.154+05:30  INFO 20992 --- [CareAssist] [restartedMain] o.s.b.w.embedded.tomcat.TomcatWebServer  : Tomcat initialized with port 8080 (http)
2026-07-02T11:09:19.157+05:30  INFO 20992 --- [CareAssist] [restartedMain] o.apache.catalina.core.StandardService   : Starting service [Tomcat]
2026-07-02T11:09:19.158+05:30  INFO 20992 --- [CareAssist] [restartedMain] o.apache.catalina.core.StandardEngine    : Starting Servlet engine: [Apache Tomcat/10.1.55]
2026-07-02T11:09:19.186+05:30  INFO 20992 --- [CareAssist] [restartedMain] o.a.c.c.C.[Tomcat].[localhost].[/]       : Initializing Spring embedded WebApplicationContext
2026-07-02T11:09:19.187+05:30  INFO 20992 --- [CareAssist] [restartedMain] w.s.c.ServletWebServerApplicationContext : Root WebApplicationContext: initialization completed in 817 ms
2026-07-02T11:09:19.242+05:30  INFO 20992 --- [CareAssist] [restartedMain] o.hibernate.jpa.internal.util.LogHelper  : HHH000204: Processing PersistenceUnitInfo [name: default]
2026-07-02T11:09:19.247+05:30  INFO 20992 --- [CareAssist] [restartedMain] o.h.c.internal.RegionFactoryInitiator    : HHH000026: Second-level cache disabled
2026-07-02T11:09:21.715+05:30  INFO 19760 --- [CareAssist] [restartedMain] c.h.careassist.CareAssistApplication     : Starting CareAssistApplication using Java 23.0.2 with PID 19760 (E:\Software\sts-5.1.1.RELEASE\ProjFiles\CareAssist\target\classes started by ADMIN in E:\Software\sts-5.1.1.RELEASE\ProjFiles\CareAssist)
2026-07-02T11:09:21.717+05:30 DEBUG 19760 --- [CareAssist] [restartedMain] c.h.careassist.CareAssistApplication     : Running with Spring Boot v3.5.15, Spring v6.2.19
2026-07-02T11:09:21.718+05:30  INFO 19760 --- [CareAssist] [restartedMain] c.h.careassist.CareAssistApplication     : No active profile set, falling back to 1 default profile: "default"
2026-07-02T11:09:21.785+05:30  INFO 19760 --- [CareAssist] [restartedMain] .e.DevToolsPropertyDefaultsPostProcessor : Devtools property defaults active! Set 'spring.devtools.add-properties' to 'false' to disable
2026-07-02T11:09:21.785+05:30  INFO 19760 --- [CareAssist] [restartedMain] .e.DevToolsPropertyDefaultsPostProcessor : For additional web related logging consider setting the 'logging.level.web' property to 'DEBUG'
2026-07-02T11:09:22.928+05:30  INFO 19760 --- [CareAssist] [restartedMain] .s.d.r.c.RepositoryConfigurationDelegate : Bootstrapping Spring Data JPA repositories in DEFAULT mode.
2026-07-02T11:09:23.068+05:30  INFO 19760 --- [CareAssist] [restartedMain] .s.d.r.c.RepositoryConfigurationDelegate : Finished Spring Data repository scanning in 127 ms. Found 12 JPA repository interfaces.
2026-07-02T11:09:23.837+05:30  INFO 19760 --- [CareAssist] [restartedMain] o.s.b.w.embedded.tomcat.TomcatWebServer  : Tomcat initialized with port 8080 (http)
2026-07-02T11:09:23.863+05:30  INFO 19760 --- [CareAssist] [restartedMain] o.apache.catalina.core.StandardService   : Starting service [Tomcat]
2026-07-02T11:09:23.864+05:30  INFO 19760 --- [CareAssist] [restartedMain] o.apache.catalina.core.StandardEngine    : Starting Servlet engine: [Apache Tomcat/10.1.55]
2026-07-02T11:09:23.931+05:30  INFO 19760 --- [CareAssist] [restartedMain] o.a.c.c.C.[Tomcat].[localhost].[/]       : Initializing Spring embedded WebApplicationContext
2026-07-02T11:09:23.932+05:30  INFO 19760 --- [CareAssist] [restartedMain] w.s.c.ServletWebServerApplicationContext : Root WebApplicationContext: initialization completed in 2146 ms
2026-07-02T11:09:24.116+05:30  INFO 19760 --- [CareAssist] [restartedMain] o.hibernate.jpa.internal.util.LogHelper  : HHH000204: Processing PersistenceUnitInfo [name: default]
2026-07-02T11:09:24.201+05:30  INFO 19760 --- [CareAssist] [restartedMain] org.hibernate.Version                    : HHH000412: Hibernate ORM core version 6.6.53.Final
2026-07-02T11:09:24.255+05:30  INFO 19760 --- [CareAssist] [restartedMain] o.h.c.internal.RegionFactoryInitiator    : HHH000026: Second-level cache disabled
2026-07-02T11:09:24.670+05:30  INFO 19760 --- [CareAssist] [restartedMain] o.s.o.j.p.SpringPersistenceUnitInfo      : No LoadTimeWeaver setup: ignoring JPA class transformer
2026-07-02T11:09:24.722+05:30  INFO 19760 --- [CareAssist] [restartedMain] com.zaxxer.hikari.HikariDataSource       : HikariPool-1 - Starting...
2026-07-02T11:09:25.312+05:30  INFO 19760 --- [CareAssist] [restartedMain] com.zaxxer.hikari.pool.HikariPool        : HikariPool-1 - Added connection com.mysql.cj.jdbc.ConnectionImpl@6fe9face
2026-07-02T11:09:25.315+05:30  INFO 19760 --- [CareAssist] [restartedMain] com.zaxxer.hikari.HikariDataSource       : HikariPool-1 - Start completed.
2026-07-02T11:09:25.453+05:30  INFO 19760 --- [CareAssist] [restartedMain] org.hibernate.orm.connections.pooling    : HHH10001005: Database info:
	Database JDBC URL [Connecting through datasource 'HikariDataSource (HikariPool-1)']
	Database driver: undefined/unknown
	Database version: 8.0.40
	Autocommit mode: undefined/unknown
	Isolation level: undefined/unknown
	Minimum pool size: undefined/unknown
	Maximum pool size: undefined/unknown
2026-07-02T11:09:26.787+05:30  INFO 19760 --- [CareAssist] [restartedMain] o.h.e.t.j.p.i.JtaPlatformInitiator       : HHH000489: No JTA platform available (set 'hibernate.transaction.jta.platform' to enable JTA platform integration)
2026-07-02T11:09:27.042+05:30  INFO 19760 --- [CareAssist] [restartedMain] j.LocalContainerEntityManagerFactoryBean : Initialized JPA EntityManagerFactory for persistence unit 'default'
2026-07-02T11:09:27.417+05:30 DEBUG 19760 --- [CareAssist] [restartedMain] c.h.c.security.JwtAuthenticationFilter   : Filter 'jwtAuthenticationFilter' configured for use
2026-07-02T11:09:27.493+05:30  INFO 19760 --- [CareAssist] [restartedMain] eAuthenticationProviderManagerConfigurer : Global AuthenticationManager configured with AuthenticationProvider bean with name authenticationProvider
2026-07-02T11:09:27.494+05:30  WARN 19760 --- [CareAssist] [restartedMain] r$InitializeUserDetailsManagerConfigurer : Global AuthenticationManager configured with an AuthenticationProvider bean. UserDetailsService beans will not be used by Spring Security for automatically configuring username/password login. Consider removing the AuthenticationProvider bean. Alternatively, consider using the UserDetailsService in a manually instantiated DaoAuthenticationProvider. If the current configuration is intentional, to turn off this warning, increase the logging level of 'org.springframework.security.config.annotation.authentication.configuration.InitializeUserDetailsBeanManagerConfigurer' to ERROR
2026-07-02T11:09:27.822+05:30  WARN 19760 --- [CareAssist] [restartedMain] JpaBaseConfiguration$JpaWebConfiguration : spring.jpa.open-in-view is enabled by default. Therefore, database queries may be performed during view rendering. Explicitly configure spring.jpa.open-in-view to disable this warning
2026-07-02T11:09:28.575+05:30  INFO 19760 --- [CareAssist] [restartedMain] o.s.b.d.a.OptionalLiveReloadServer       : LiveReload server is running on port 35729
2026-07-02T11:09:28.629+05:30  INFO 19760 --- [CareAssist] [restartedMain] o.s.b.w.embedded.tomcat.TomcatWebServer  : Tomcat started on port 8080 (http) with context path '/'
2026-07-02T11:09:28.637+05:30  INFO 19760 --- [CareAssist] [restartedMain] c.h.careassist.CareAssistApplication     : Started CareAssistApplication in 7.396 seconds (process running for 8.157)
2026-07-02T11:09:28.641+05:30  WARN 19760 --- [CareAssist] [restartedMain] o.s.core.events.SpringDocAppInitializer  : SpringDoc /v3/api-docs endpoint is enabled by default. To disable it in production, set the property 'springdoc.api-docs.enabled=false'
2026-07-02T11:09:28.641+05:30  WARN 19760 --- [CareAssist] [restartedMain] o.s.core.events.SpringDocAppInitializer  : SpringDoc /swagger-ui.html endpoint is enabled by default. To disable it in production, set the property 'springdoc.swagger-ui.enabled=false'
2026-07-02T11:10:12.088+05:30  INFO 19760 --- [CareAssist] [http-nio-8080-exec-1] o.a.c.c.C.[Tomcat].[localhost].[/]       : Initializing Spring DispatcherServlet 'dispatcherServlet'
2026-07-02T11:10:12.089+05:30  INFO 19760 --- [CareAssist] [http-nio-8080-exec-1] o.s.web.servlet.DispatcherServlet        : Initializing Servlet 'dispatcherServlet'
2026-07-02T11:10:12.092+05:30  INFO 19760 --- [CareAssist] [http-nio-8080-exec-1] o.s.web.servlet.DispatcherServlet        : Completed initialization in 3 ms
2026-07-02T12:02:29.084+05:30  INFO 19760 --- [CareAssist] [http-nio-8080-exec-2] c.h.c.s.impl.InsurancePlanServiceImpl    : Fetching all insurance plans
2026-07-02T12:02:29.356+05:30  INFO 19760 --- [CareAssist] [http-nio-8080-exec-2] c.h.c.s.impl.InsurancePlanServiceImpl    : Total insurance plans fetched: 3
2026-07-02T12:02:29.454+05:30  INFO 19760 --- [CareAssist] [http-nio-8080-exec-4] c.h.c.s.impl.InsurancePlanServiceImpl    : Fetching all insurance plans
2026-07-02T12:02:29.474+05:30  INFO 19760 --- [CareAssist] [http-nio-8080-exec-4] c.h.c.s.impl.InsurancePlanServiceImpl    : Total insurance plans fetched: 3
2026-07-02T12:02:39.221+05:30  INFO 19760 --- [CareAssist] [http-nio-8080-exec-7] c.h.c.s.impl.InsurancePlanServiceImpl    : Fetching all insurance plans
2026-07-02T12:02:39.236+05:30  INFO 19760 --- [CareAssist] [http-nio-8080-exec-7] c.h.c.s.impl.InsurancePlanServiceImpl    : Total insurance plans fetched: 3
2026-07-02T12:02:39.247+05:30  INFO 19760 --- [CareAssist] [http-nio-8080-exec-9] c.h.c.s.impl.InsurancePlanServiceImpl    : Fetching all insurance plans
2026-07-02T12:02:39.259+05:30  INFO 19760 --- [CareAssist] [http-nio-8080-exec-9] c.h.c.s.impl.InsurancePlanServiceImpl    : Total insurance plans fetched: 3
2026-07-02T12:04:59.032+05:30  INFO 19760 --- [CareAssist] [http-nio-8080-exec-2] c.h.c.s.impl.InsurancePlanServiceImpl    : Fetching all insurance plans
2026-07-02T12:04:59.055+05:30  INFO 19760 --- [CareAssist] [http-nio-8080-exec-2] c.h.c.s.impl.InsurancePlanServiceImpl    : Total insurance plans fetched: 3
2026-07-02T12:04:59.072+05:30  INFO 19760 --- [CareAssist] [http-nio-8080-exec-2] c.h.c.s.impl.InsurancePlanServiceImpl    : Fetching all insurance plans
2026-07-02T12:04:59.086+05:30  INFO 19760 --- [CareAssist] [http-nio-8080-exec-2] c.h.c.s.impl.InsurancePlanServiceImpl    : Total insurance plans fetched: 3
2026-07-02T12:05:08.959+05:30  INFO 19760 --- [CareAssist] [http-nio-8080-exec-7] c.h.c.s.impl.InsurancePlanServiceImpl    : Fetching all insurance plans
2026-07-02T12:05:08.972+05:30  INFO 19760 --- [CareAssist] [http-nio-8080-exec-7] c.h.c.s.impl.InsurancePlanServiceImpl    : Total insurance plans fetched: 3
2026-07-02T12:05:08.985+05:30  INFO 19760 --- [CareAssist] [http-nio-8080-exec-9] c.h.c.s.impl.InsurancePlanServiceImpl    : Fetching all insurance plans
2026-07-02T12:05:08.999+05:30  INFO 19760 --- [CareAssist] [http-nio-8080-exec-9] c.h.c.s.impl.InsurancePlanServiceImpl    : Total insurance plans fetched: 3
2026-07-02T12:07:54.833+05:30  INFO 19760 --- [CareAssist] [http-nio-8080-exec-9] o.springdoc.api.AbstractOpenApiResource  : Init duration for springdoc-openapi is: 1154 ms
2026-07-02T12:11:36.525+05:30  INFO 19760 --- [CareAssist] [File Watcher] rtingClassPathChangeChangedEventListener : Restarting due to 2 class path changes (0 additions, 0 deletions, 2 modifications)
2026-07-02T12:11:36.557+05:30  INFO 19760 --- [CareAssist] [Thread-5] o.s.b.w.e.tomcat.GracefulShutdown        : Commencing graceful shutdown. Waiting for active requests to complete
2026-07-02T12:11:36.579+05:30  INFO 19760 --- [CareAssist] [tomcat-shutdown] o.s.b.w.e.tomcat.GracefulShutdown        : Graceful shutdown complete
2026-07-02T12:11:36.612+05:30  INFO 19760 --- [CareAssist] [Thread-5] j.LocalContainerEntityManagerFactoryBean : Closing JPA EntityManagerFactory for persistence unit 'default'
2026-07-02T12:11:36.643+05:30  INFO 19760 --- [CareAssist] [Thread-5] com.zaxxer.hikari.HikariDataSource       : HikariPool-1 - Shutdown initiated...
2026-07-02T12:11:36.658+05:30  INFO 19760 --- [CareAssist] [Thread-5] com.zaxxer.hikari.HikariDataSource       : HikariPool-1 - Shutdown completed.
2026-07-02T12:11:37.071+05:30  INFO 19760 --- [CareAssist] [restartedMain] c.h.careassist.CareAssistApplication     : Starting CareAssistApplication using Java 23.0.2 with PID 19760 (E:\Software\sts-5.1.1.RELEASE\ProjFiles\CareAssist\target\classes started by ADMIN in E:\Software\sts-5.1.1.RELEASE\ProjFiles\CareAssist)
2026-07-02T12:11:37.073+05:30 DEBUG 19760 --- [CareAssist] [restartedMain] c.h.careassist.CareAssistApplication     : Running with Spring Boot v3.5.15, Spring v6.2.19
2026-07-02T12:11:37.073+05:30  INFO 19760 --- [CareAssist] [restartedMain] c.h.careassist.CareAssistApplication     : No active profile set, falling back to 1 default profile: "default"
2026-07-02T12:11:37.639+05:30  INFO 19760 --- [CareAssist] [restartedMain] .s.d.r.c.RepositoryConfigurationDelegate : Bootstrapping Spring Data JPA repositories in DEFAULT mode.
2026-07-02T12:11:37.710+05:30  INFO 19760 --- [CareAssist] [restartedMain] .s.d.r.c.RepositoryConfigurationDelegate : Finished Spring Data repository scanning in 68 ms. Found 12 JPA repository interfaces.
2026-07-02T12:11:37.899+05:30  INFO 19760 --- [CareAssist] [restartedMain] o.s.b.w.embedded.tomcat.TomcatWebServer  : Tomcat initialized with port 8080 (http)
2026-07-02T12:11:37.902+05:30  INFO 19760 --- [CareAssist] [restartedMain] o.apache.catalina.core.StandardService   : Starting service [Tomcat]
2026-07-02T12:11:37.904+05:30  INFO 19760 --- [CareAssist] [restartedMain] o.apache.catalina.core.StandardEngine    : Starting Servlet engine: [Apache Tomcat/10.1.55]
2026-07-02T12:11:37.940+05:30  INFO 19760 --- [CareAssist] [restartedMain] o.a.c.c.C.[Tomcat].[localhost].[/]       : Initializing Spring embedded WebApplicationContext
2026-07-02T12:11:37.940+05:30  INFO 19760 --- [CareAssist] [restartedMain] w.s.c.ServletWebServerApplicationContext : Root WebApplicationContext: initialization completed in 862 ms
2026-07-02T12:11:38.008+05:30  INFO 19760 --- [CareAssist] [restartedMain] o.hibernate.jpa.internal.util.LogHelper  : HHH000204: Processing PersistenceUnitInfo [name: default]
2026-07-02T12:11:38.013+05:30  INFO 19760 --- [CareAssist] [restartedMain] o.h.c.internal.RegionFactoryInitiator    : HHH000026: Second-level cache disabled
2026-07-02T12:11:38.036+05:30  INFO 19760 --- [CareAssist] [restartedMain] o.s.o.j.p.SpringPersistenceUnitInfo      : No LoadTimeWeaver setup: ignoring JPA class transformer
2026-07-02T12:11:38.039+05:30  INFO 19760 --- [CareAssist] [restartedMain] com.zaxxer.hikari.HikariDataSource       : HikariPool-2 - Starting...
2026-07-02T12:11:38.064+05:30  INFO 19760 --- [CareAssist] [restartedMain] com.zaxxer.hikari.pool.HikariPool        : HikariPool-2 - Added connection com.mysql.cj.jdbc.ConnectionImpl@3cfc6ef3
2026-07-02T12:11:38.066+05:30  INFO 19760 --- [CareAssist] [restartedMain] com.zaxxer.hikari.HikariDataSource       : HikariPool-2 - Start completed.
2026-07-02T12:11:38.069+05:30  INFO 19760 --- [CareAssist] [restartedMain] org.hibernate.orm.connections.pooling    : HHH10001005: Database info:
	Database JDBC URL [Connecting through datasource 'HikariDataSource (HikariPool-2)']
	Database driver: undefined/unknown
	Database version: 8.0.40
	Autocommit mode: undefined/unknown
	Isolation level: undefined/unknown
	Minimum pool size: undefined/unknown
	Maximum pool size: undefined/unknown
2026-07-02T12:11:38.351+05:30  INFO 19760 --- [CareAssist] [restartedMain] o.h.e.t.j.p.i.JtaPlatformInitiator       : HHH000489: No JTA platform available (set 'hibernate.transaction.jta.platform' to enable JTA platform integration)
2026-07-02T12:11:38.556+05:30  INFO 19760 --- [CareAssist] [restartedMain] j.LocalContainerEntityManagerFactoryBean : Initialized JPA EntityManagerFactory for persistence unit 'default'
2026-07-02T12:11:38.619+05:30 DEBUG 19760 --- [CareAssist] [restartedMain] c.h.c.security.JwtAuthenticationFilter   : Filter 'jwtAuthenticationFilter' configured for use
2026-07-02T12:11:38.646+05:30  INFO 19760 --- [CareAssist] [restartedMain] eAuthenticationProviderManagerConfigurer : Global AuthenticationManager configured with AuthenticationProvider bean with name authenticationProvider
2026-07-02T12:11:38.647+05:30  WARN 19760 --- [CareAssist] [restartedMain] r$InitializeUserDetailsManagerConfigurer : Global AuthenticationManager configured with an AuthenticationProvider bean. UserDetailsService beans will not be used by Spring Security for automatically configuring username/password login. Consider removing the AuthenticationProvider bean. Alternatively, consider using the UserDetailsService in a manually instantiated DaoAuthenticationProvider. If the current configuration is intentional, to turn off this warning, increase the logging level of 'org.springframework.security.config.annotation.authentication.configuration.InitializeUserDetailsBeanManagerConfigurer' to ERROR
2026-07-02T12:11:38.876+05:30  WARN 19760 --- [CareAssist] [restartedMain] JpaBaseConfiguration$JpaWebConfiguration : spring.jpa.open-in-view is enabled by default. Therefore, database queries may be performed during view rendering. Explicitly configure spring.jpa.open-in-view to disable this warning
2026-07-02T12:11:39.128+05:30  INFO 19760 --- [CareAssist] [restartedMain] o.s.b.d.a.OptionalLiveReloadServer       : LiveReload server is running on port 35729
2026-07-02T12:11:39.148+05:30  INFO 19760 --- [CareAssist] [restartedMain] o.s.b.w.embedded.tomcat.TomcatWebServer  : Tomcat started on port 8080 (http) with context path '/'
2026-07-02T12:11:39.154+05:30  INFO 19760 --- [CareAssist] [restartedMain] c.h.careassist.CareAssistApplication     : Started CareAssistApplication in 2.199 seconds (process running for 3738.674)
2026-07-02T12:11:39.155+05:30  WARN 19760 --- [CareAssist] [restartedMain] o.s.core.events.SpringDocAppInitializer  : SpringDoc /v3/api-docs endpoint is enabled by default. To disable it in production, set the property 'springdoc.api-docs.enabled=false'
2026-07-02T12:11:39.155+05:30  WARN 19760 --- [CareAssist] [restartedMain] o.s.core.events.SpringDocAppInitializer  : SpringDoc /swagger-ui.html endpoint is enabled by default. To disable it in production, set the property 'springdoc.swagger-ui.enabled=false'
2026-07-02T12:11:39.156+05:30  INFO 19760 --- [CareAssist] [restartedMain] .ConditionEvaluationDeltaLoggingListener : Condition evaluation unchanged
2026-07-02T12:14:57.534+05:30  INFO 19760 --- [CareAssist] [File Watcher] rtingClassPathChangeChangedEventListener : Restarting due to 1 class path change (0 additions, 0 deletions, 1 modification)
2026-07-02T12:14:57.611+05:30  INFO 19760 --- [CareAssist] [Thread-7] o.s.b.w.e.tomcat.GracefulShutdown        : Commencing graceful shutdown. Waiting for active requests to complete
2026-07-02T12:14:57.654+05:30  INFO 19760 --- [CareAssist] [tomcat-shutdown] o.s.b.w.e.tomcat.GracefulShutdown        : Graceful shutdown complete
2026-07-02T12:14:57.704+05:30  INFO 19760 --- [CareAssist] [Thread-7] j.LocalContainerEntityManagerFactoryBean : Closing JPA EntityManagerFactory for persistence unit 'default'
2026-07-02T12:14:57.745+05:30  INFO 19760 --- [CareAssist] [Thread-7] com.zaxxer.hikari.HikariDataSource       : HikariPool-2 - Shutdown initiated...
2026-07-02T12:14:57.765+05:30  INFO 19760 --- [CareAssist] [Thread-7] com.zaxxer.hikari.HikariDataSource       : HikariPool-2 - Shutdown completed.
2026-07-02T12:14:58.274+05:30  INFO 19760 --- [CareAssist] [restartedMain] c.h.careassist.CareAssistApplication     : Starting CareAssistApplication using Java 23.0.2 with PID 19760 (E:\Software\sts-5.1.1.RELEASE\ProjFiles\CareAssist\target\classes started by ADMIN in E:\Software\sts-5.1.1.RELEASE\ProjFiles\CareAssist)
2026-07-02T12:14:58.275+05:30 DEBUG 19760 --- [CareAssist] [restartedMain] c.h.careassist.CareAssistApplication     : Running with Spring Boot v3.5.15, Spring v6.2.19
2026-07-02T12:14:58.275+05:30  INFO 19760 --- [CareAssist] [restartedMain] c.h.careassist.CareAssistApplication     : No active profile set, falling back to 1 default profile: "default"
2026-07-02T12:14:58.845+05:30  INFO 19760 --- [CareAssist] [restartedMain] .s.d.r.c.RepositoryConfigurationDelegate : Bootstrapping Spring Data JPA repositories in DEFAULT mode.
2026-07-02T12:14:58.942+05:30  INFO 19760 --- [CareAssist] [restartedMain] .s.d.r.c.RepositoryConfigurationDelegate : Finished Spring Data repository scanning in 93 ms. Found 12 JPA repository interfaces.
2026-07-02T12:14:59.146+05:30  INFO 19760 --- [CareAssist] [restartedMain] o.s.b.w.embedded.tomcat.TomcatWebServer  : Tomcat initialized with port 8080 (http)
2026-07-02T12:14:59.149+05:30  INFO 19760 --- [CareAssist] [restartedMain] o.apache.catalina.core.StandardService   : Starting service [Tomcat]
2026-07-02T12:14:59.149+05:30  INFO 19760 --- [CareAssist] [restartedMain] o.apache.catalina.core.StandardEngine    : Starting Servlet engine: [Apache Tomcat/10.1.55]
2026-07-02T12:14:59.181+05:30  INFO 19760 --- [CareAssist] [restartedMain] o.a.c.c.C.[Tomcat].[localhost].[/]       : Initializing Spring embedded WebApplicationContext
2026-07-02T12:14:59.182+05:30  INFO 19760 --- [CareAssist] [restartedMain] w.s.c.ServletWebServerApplicationContext : Root WebApplicationContext: initialization completed in 902 ms
2026-07-02T12:14:59.222+05:30  INFO 19760 --- [CareAssist] [restartedMain] o.hibernate.jpa.internal.util.LogHelper  : HHH000204: Processing PersistenceUnitInfo [name: default]
2026-07-02T12:14:59.225+05:30  INFO 19760 --- [CareAssist] [restartedMain] o.h.c.internal.RegionFactoryInitiator    : HHH000026: Second-level cache disabled
2026-07-02T12:14:59.239+05:30  INFO 19760 --- [CareAssist] [restartedMain] o.s.o.j.p.SpringPersistenceUnitInfo      : No LoadTimeWeaver setup: ignoring JPA class transformer
2026-07-02T12:14:59.242+05:30  INFO 19760 --- [CareAssist] [restartedMain] com.zaxxer.hikari.HikariDataSource       : HikariPool-3 - Starting...
2026-07-02T12:14:59.314+05:30  INFO 19760 --- [CareAssist] [restartedMain] com.zaxxer.hikari.pool.HikariPool        : HikariPool-3 - Added connection com.mysql.cj.jdbc.ConnectionImpl@17ed6c18
2026-07-02T12:14:59.315+05:30  INFO 19760 --- [CareAssist] [restartedMain] com.zaxxer.hikari.HikariDataSource       : HikariPool-3 - Start completed.
2026-07-02T12:14:59.317+05:30  INFO 19760 --- [CareAssist] [restartedMain] org.hibernate.orm.connections.pooling    : HHH10001005: Database info:
	Database JDBC URL [Connecting through datasource 'HikariDataSource (HikariPool-3)']
	Database driver: undefined/unknown
	Database version: 8.0.40
	Autocommit mode: undefined/unknown
	Isolation level: undefined/unknown
	Minimum pool size: undefined/unknown
	Maximum pool size: undefined/unknown
2026-07-02T12:14:59.553+05:30  INFO 19760 --- [CareAssist] [restartedMain] o.h.e.t.j.p.i.JtaPlatformInitiator       : HHH000489: No JTA platform available (set 'hibernate.transaction.jta.platform' to enable JTA platform integration)
2026-07-02T12:14:59.701+05:30  INFO 19760 --- [CareAssist] [restartedMain] j.LocalContainerEntityManagerFactoryBean : Initialized JPA EntityManagerFactory for persistence unit 'default'
2026-07-02T12:14:59.761+05:30 DEBUG 19760 --- [CareAssist] [restartedMain] c.h.c.security.JwtAuthenticationFilter   : Filter 'jwtAuthenticationFilter' configured for use
2026-07-02T12:14:59.784+05:30  INFO 19760 --- [CareAssist] [restartedMain] eAuthenticationProviderManagerConfigurer : Global AuthenticationManager configured with AuthenticationProvider bean with name authenticationProvider
2026-07-02T12:14:59.785+05:30  WARN 19760 --- [CareAssist] [restartedMain] r$InitializeUserDetailsManagerConfigurer : Global AuthenticationManager configured with an AuthenticationProvider bean. UserDetailsService beans will not be used by Spring Security for automatically configuring username/password login. Consider removing the AuthenticationProvider bean. Alternatively, consider using the UserDetailsService in a manually instantiated DaoAuthenticationProvider. If the current configuration is intentional, to turn off this warning, increase the logging level of 'org.springframework.security.config.annotation.authentication.configuration.InitializeUserDetailsBeanManagerConfigurer' to ERROR
2026-07-02T12:14:59.977+05:30  WARN 19760 --- [CareAssist] [restartedMain] JpaBaseConfiguration$JpaWebConfiguration : spring.jpa.open-in-view is enabled by default. Therefore, database queries may be performed during view rendering. Explicitly configure spring.jpa.open-in-view to disable this warning
2026-07-02T12:15:00.198+05:30  INFO 19760 --- [CareAssist] [restartedMain] o.s.b.d.a.OptionalLiveReloadServer       : LiveReload server is running on port 35729
2026-07-02T12:15:00.224+05:30  INFO 19760 --- [CareAssist] [restartedMain] o.s.b.w.embedded.tomcat.TomcatWebServer  : Tomcat started on port 8080 (http) with context path '/'
2026-07-02T12:15:00.229+05:30  INFO 19760 --- [CareAssist] [restartedMain] c.h.careassist.CareAssistApplication     : Started CareAssistApplication in 2.007 seconds (process running for 3939.749)
2026-07-02T12:15:00.230+05:30  WARN 19760 --- [CareAssist] [restartedMain] o.s.core.events.SpringDocAppInitializer  : SpringDoc /v3/api-docs endpoint is enabled by default. To disable it in production, set the property 'springdoc.api-docs.enabled=false'
2026-07-02T12:15:00.231+05:30  WARN 19760 --- [CareAssist] [restartedMain] o.s.core.events.SpringDocAppInitializer  : SpringDoc /swagger-ui.html endpoint is enabled by default. To disable it in production, set the property 'springdoc.swagger-ui.enabled=false'
2026-07-02T12:15:00.233+05:30  INFO 19760 --- [CareAssist] [restartedMain] .ConditionEvaluationDeltaLoggingListener : Condition evaluation unchanged
2026-07-02T12:19:39.870+05:30  INFO 19760 --- [CareAssist] [File Watcher] rtingClassPathChangeChangedEventListener : Restarting due to 1 class path change (0 additions, 0 deletions, 1 modification)
2026-07-02T12:19:39.892+05:30  INFO 19760 --- [CareAssist] [Thread-11] o.s.b.w.e.tomcat.GracefulShutdown        : Commencing graceful shutdown. Waiting for active requests to complete
2026-07-02T12:19:39.907+05:30  INFO 19760 --- [CareAssist] [tomcat-shutdown] o.s.b.w.e.tomcat.GracefulShutdown        : Graceful shutdown complete
2026-07-02T12:19:39.921+05:30  INFO 19760 --- [CareAssist] [Thread-11] j.LocalContainerEntityManagerFactoryBean : Closing JPA EntityManagerFactory for persistence unit 'default'
2026-07-02T12:19:39.934+05:30  INFO 19760 --- [CareAssist] [Thread-11] com.zaxxer.hikari.HikariDataSource       : HikariPool-3 - Shutdown initiated...
2026-07-02T12:19:39.947+05:30  INFO 19760 --- [CareAssist] [Thread-11] com.zaxxer.hikari.HikariDataSource       : HikariPool-3 - Shutdown completed.
2026-07-02T12:19:40.117+05:30  INFO 19760 --- [CareAssist] [restartedMain] c.h.careassist.CareAssistApplication     : Starting CareAssistApplication using Java 23.0.2 with PID 19760 (E:\Software\sts-5.1.1.RELEASE\ProjFiles\CareAssist\target\classes started by ADMIN in E:\Software\sts-5.1.1.RELEASE\ProjFiles\CareAssist)
2026-07-02T12:19:40.117+05:30 DEBUG 19760 --- [CareAssist] [restartedMain] c.h.careassist.CareAssistApplication     : Running with Spring Boot v3.5.15, Spring v6.2.19
2026-07-02T12:19:40.117+05:30  INFO 19760 --- [CareAssist] [restartedMain] c.h.careassist.CareAssistApplication     : No active profile set, falling back to 1 default profile: "default"
2026-07-02T12:19:40.616+05:30  INFO 19760 --- [CareAssist] [restartedMain] .s.d.r.c.RepositoryConfigurationDelegate : Bootstrapping Spring Data JPA repositories in DEFAULT mode.
2026-07-02T12:19:40.670+05:30  INFO 19760 --- [CareAssist] [restartedMain] .s.d.r.c.RepositoryConfigurationDelegate : Finished Spring Data repository scanning in 52 ms. Found 12 JPA repository interfaces.
2026-07-02T12:19:40.878+05:30  INFO 19760 --- [CareAssist] [restartedMain] o.s.b.w.embedded.tomcat.TomcatWebServer  : Tomcat initialized with port 8080 (http)
2026-07-02T12:19:40.882+05:30  INFO 19760 --- [CareAssist] [restartedMain] o.apache.catalina.core.StandardService   : Starting service [Tomcat]
2026-07-02T12:19:40.882+05:30  INFO 19760 --- [CareAssist] [restartedMain] o.apache.catalina.core.StandardEngine    : Starting Servlet engine: [Apache Tomcat/10.1.55]
2026-07-02T12:19:40.906+05:30  INFO 19760 --- [CareAssist] [restartedMain] o.a.c.c.C.[Tomcat].[localhost].[/]       : Initializing Spring embedded WebApplicationContext
2026-07-02T12:19:40.907+05:30  INFO 19760 --- [CareAssist] [restartedMain] w.s.c.ServletWebServerApplicationContext : Root WebApplicationContext: initialization completed in 785 ms
2026-07-02T12:19:40.954+05:30  INFO 19760 --- [CareAssist] [restartedMain] o.hibernate.jpa.internal.util.LogHelper  : HHH000204: Processing PersistenceUnitInfo [name: default]
2026-07-02T12:19:40.957+05:30  INFO 19760 --- [CareAssist] [restartedMain] o.h.c.internal.RegionFactoryInitiator    : HHH000026: Second-level cache disabled
2026-07-02T12:19:40.970+05:30  INFO 19760 --- [CareAssist] [restartedMain] o.s.o.j.p.SpringPersistenceUnitInfo      : No LoadTimeWeaver setup: ignoring JPA class transformer
2026-07-02T12:19:40.972+05:30  INFO 19760 --- [CareAssist] [restartedMain] com.zaxxer.hikari.HikariDataSource       : HikariPool-4 - Starting...
2026-07-02T12:19:41.067+05:30  INFO 19760 --- [CareAssist] [restartedMain] com.zaxxer.hikari.pool.HikariPool        : HikariPool-4 - Added connection com.mysql.cj.jdbc.ConnectionImpl@fc3e623
2026-07-02T12:19:41.067+05:30  INFO 19760 --- [CareAssist] [restartedMain] com.zaxxer.hikari.HikariDataSource       : HikariPool-4 - Start completed.
2026-07-02T12:19:41.071+05:30  INFO 19760 --- [CareAssist] [restartedMain] org.hibernate.orm.connections.pooling    : HHH10001005: Database info:
	Database JDBC URL [Connecting through datasource 'HikariDataSource (HikariPool-4)']
	Database driver: undefined/unknown
	Database version: 8.0.40
	Autocommit mode: undefined/unknown
	Isolation level: undefined/unknown
	Minimum pool size: undefined/unknown
	Maximum pool size: undefined/unknown
2026-07-02T12:19:41.261+05:30  INFO 19760 --- [CareAssist] [restartedMain] o.h.e.t.j.p.i.JtaPlatformInitiator       : HHH000489: No JTA platform available (set 'hibernate.transaction.jta.platform' to enable JTA platform integration)
2026-07-02T12:19:41.426+05:30  INFO 19760 --- [CareAssist] [restartedMain] j.LocalContainerEntityManagerFactoryBean : Initialized JPA EntityManagerFactory for persistence unit 'default'
2026-07-02T12:19:41.482+05:30 DEBUG 19760 --- [CareAssist] [restartedMain] c.h.c.security.JwtAuthenticationFilter   : Filter 'jwtAuthenticationFilter' configured for use
2026-07-02T12:19:41.506+05:30  INFO 19760 --- [CareAssist] [restartedMain] eAuthenticationProviderManagerConfigurer : Global AuthenticationManager configured with AuthenticationProvider bean with name authenticationProvider
2026-07-02T12:19:41.506+05:30  WARN 19760 --- [CareAssist] [restartedMain] r$InitializeUserDetailsManagerConfigurer : Global AuthenticationManager configured with an AuthenticationProvider bean. UserDetailsService beans will not be used by Spring Security for automatically configuring username/password login. Consider removing the AuthenticationProvider bean. Alternatively, consider using the UserDetailsService in a manually instantiated DaoAuthenticationProvider. If the current configuration is intentional, to turn off this warning, increase the logging level of 'org.springframework.security.config.annotation.authentication.configuration.InitializeUserDetailsBeanManagerConfigurer' to ERROR
2026-07-02T12:19:41.677+05:30  WARN 19760 --- [CareAssist] [restartedMain] JpaBaseConfiguration$JpaWebConfiguration : spring.jpa.open-in-view is enabled by default. Therefore, database queries may be performed during view rendering. Explicitly configure spring.jpa.open-in-view to disable this warning
2026-07-02T12:19:41.927+05:30  INFO 19760 --- [CareAssist] [restartedMain] o.s.b.d.a.OptionalLiveReloadServer       : LiveReload server is running on port 35729
2026-07-02T12:19:41.953+05:30  INFO 19760 --- [CareAssist] [restartedMain] o.s.b.w.embedded.tomcat.TomcatWebServer  : Tomcat started on port 8080 (http) with context path '/'
2026-07-02T12:19:41.957+05:30  INFO 19760 --- [CareAssist] [restartedMain] c.h.careassist.CareAssistApplication     : Started CareAssistApplication in 1.895 seconds (process running for 4221.477)
2026-07-02T12:19:41.959+05:30  WARN 19760 --- [CareAssist] [restartedMain] o.s.core.events.SpringDocAppInitializer  : SpringDoc /v3/api-docs endpoint is enabled by default. To disable it in production, set the property 'springdoc.api-docs.enabled=false'
2026-07-02T12:19:41.959+05:30  WARN 19760 --- [CareAssist] [restartedMain] o.s.core.events.SpringDocAppInitializer  : SpringDoc /swagger-ui.html endpoint is enabled by default. To disable it in production, set the property 'springdoc.swagger-ui.enabled=false'
2026-07-02T12:19:41.960+05:30  INFO 19760 --- [CareAssist] [restartedMain] .ConditionEvaluationDeltaLoggingListener : Condition evaluation unchanged
2026-07-02T12:20:06.832+05:30  INFO 19760 --- [CareAssist] [RMI TCP Connection(74)-127.0.0.1] inMXBeanRegistrar$SpringApplicationAdmin : Application shutdown requested.
2026-07-02T12:20:06.834+05:30  INFO 19760 --- [CareAssist] [RMI TCP Connection(74)-127.0.0.1] o.s.b.w.e.tomcat.GracefulShutdown        : Commencing graceful shutdown. Waiting for active requests to complete
2026-07-02T12:20:06.840+05:30  INFO 19760 --- [CareAssist] [tomcat-shutdown] o.s.b.w.e.tomcat.GracefulShutdown        : Graceful shutdown complete
2026-07-02T12:20:06.843+05:30  INFO 19760 --- [CareAssist] [RMI TCP Connection(74)-127.0.0.1] j.LocalContainerEntityManagerFactoryBean : Closing JPA EntityManagerFactory for persistence unit 'default'
2026-07-02T12:20:06.845+05:30  INFO 19760 --- [CareAssist] [RMI TCP Connection(74)-127.0.0.1] com.zaxxer.hikari.HikariDataSource       : HikariPool-4 - Shutdown initiated...
2026-07-02T12:20:06.848+05:30  INFO 19760 --- [CareAssist] [RMI TCP Connection(74)-127.0.0.1] com.zaxxer.hikari.HikariDataSource       : HikariPool-4 - Shutdown completed.
2026-07-02T14:30:45.632+05:30  INFO 14992 --- [CareAssist] [restartedMain] c.h.careassist.CareAssistApplication     : Starting CareAssistApplication using Java 23.0.2 with PID 14992 (E:\Software\sts-5.1.1.RELEASE\ProjFiles\CareAssist\target\classes started by ADMIN in E:\Software\sts-5.1.1.RELEASE\ProjFiles\CareAssist)
2026-07-02T14:30:45.637+05:30 DEBUG 14992 --- [CareAssist] [restartedMain] c.h.careassist.CareAssistApplication     : Running with Spring Boot v3.5.15, Spring v6.2.19
2026-07-02T14:30:45.638+05:30  INFO 14992 --- [CareAssist] [restartedMain] c.h.careassist.CareAssistApplication     : No active profile set, falling back to 1 default profile: "default"
2026-07-02T14:30:45.777+05:30  INFO 14992 --- [CareAssist] [restartedMain] .e.DevToolsPropertyDefaultsPostProcessor : Devtools property defaults active! Set 'spring.devtools.add-properties' to 'false' to disable
2026-07-02T14:30:45.777+05:30  INFO 14992 --- [CareAssist] [restartedMain] .e.DevToolsPropertyDefaultsPostProcessor : For additional web related logging consider setting the 'logging.level.web' property to 'DEBUG'
2026-07-02T14:30:48.213+05:30  INFO 14992 --- [CareAssist] [restartedMain] .s.d.r.c.RepositoryConfigurationDelegate : Bootstrapping Spring Data JPA repositories in DEFAULT mode.
2026-07-02T14:30:48.490+05:30  INFO 14992 --- [CareAssist] [restartedMain] .s.d.r.c.RepositoryConfigurationDelegate : Finished Spring Data repository scanning in 248 ms. Found 12 JPA repository interfaces.
2026-07-02T14:30:49.976+05:30  INFO 14992 --- [CareAssist] [restartedMain] o.s.b.w.embedded.tomcat.TomcatWebServer  : Tomcat initialized with port 8080 (http)
2026-07-02T14:30:50.024+05:30  INFO 14992 --- [CareAssist] [restartedMain] o.apache.catalina.core.StandardService   : Starting service [Tomcat]
2026-07-02T14:30:50.025+05:30  INFO 14992 --- [CareAssist] [restartedMain] o.apache.catalina.core.StandardEngine    : Starting Servlet engine: [Apache Tomcat/10.1.55]
2026-07-02T14:30:50.158+05:30  INFO 14992 --- [CareAssist] [restartedMain] o.a.c.c.C.[Tomcat].[localhost].[/]       : Initializing Spring embedded WebApplicationContext
2026-07-02T14:30:50.159+05:30  INFO 14992 --- [CareAssist] [restartedMain] w.s.c.ServletWebServerApplicationContext : Root WebApplicationContext: initialization completed in 4380 ms
2026-07-02T14:30:50.508+05:30  INFO 14992 --- [CareAssist] [restartedMain] o.hibernate.jpa.internal.util.LogHelper  : HHH000204: Processing PersistenceUnitInfo [name: default]
2026-07-02T14:30:50.655+05:30  INFO 14992 --- [CareAssist] [restartedMain] org.hibernate.Version                    : HHH000412: Hibernate ORM core version 6.6.53.Final
2026-07-02T14:30:50.746+05:30  INFO 14992 --- [CareAssist] [restartedMain] o.h.c.internal.RegionFactoryInitiator    : HHH000026: Second-level cache disabled
2026-07-02T14:30:51.455+05:30  INFO 14992 --- [CareAssist] [restartedMain] o.s.o.j.p.SpringPersistenceUnitInfo      : No LoadTimeWeaver setup: ignoring JPA class transformer
2026-07-02T14:30:51.551+05:30  INFO 14992 --- [CareAssist] [restartedMain] com.zaxxer.hikari.HikariDataSource       : HikariPool-1 - Starting...
2026-07-02T14:30:52.774+05:30  INFO 14992 --- [CareAssist] [restartedMain] com.zaxxer.hikari.pool.HikariPool        : HikariPool-1 - Added connection com.mysql.cj.jdbc.ConnectionImpl@64fef788
2026-07-02T14:30:52.779+05:30  INFO 14992 --- [CareAssist] [restartedMain] com.zaxxer.hikari.HikariDataSource       : HikariPool-1 - Start completed.
2026-07-02T14:30:53.102+05:30  INFO 14992 --- [CareAssist] [restartedMain] org.hibernate.orm.connections.pooling    : HHH10001005: Database info:
	Database JDBC URL [Connecting through datasource 'HikariDataSource (HikariPool-1)']
	Database driver: undefined/unknown
	Database version: 8.0.40
	Autocommit mode: undefined/unknown
	Isolation level: undefined/unknown
	Minimum pool size: undefined/unknown
	Maximum pool size: undefined/unknown
2026-07-02T14:30:55.662+05:30  INFO 14992 --- [CareAssist] [restartedMain] o.h.e.t.j.p.i.JtaPlatformInitiator       : HHH000489: No JTA platform available (set 'hibernate.transaction.jta.platform' to enable JTA platform integration)
2026-07-02T14:30:56.115+05:30  INFO 14992 --- [CareAssist] [restartedMain] j.LocalContainerEntityManagerFactoryBean : Initialized JPA EntityManagerFactory for persistence unit 'default'
2026-07-02T14:30:56.864+05:30 DEBUG 14992 --- [CareAssist] [restartedMain] c.h.c.security.JwtAuthenticationFilter   : Filter 'jwtAuthenticationFilter' configured for use
2026-07-02T14:30:57.018+05:30  INFO 14992 --- [CareAssist] [restartedMain] eAuthenticationProviderManagerConfigurer : Global AuthenticationManager configured with AuthenticationProvider bean with name authenticationProvider
2026-07-02T14:30:57.020+05:30  WARN 14992 --- [CareAssist] [restartedMain] r$InitializeUserDetailsManagerConfigurer : Global AuthenticationManager configured with an AuthenticationProvider bean. UserDetailsService beans will not be used by Spring Security for automatically configuring username/password login. Consider removing the AuthenticationProvider bean. Alternatively, consider using the UserDetailsService in a manually instantiated DaoAuthenticationProvider. If the current configuration is intentional, to turn off this warning, increase the logging level of 'org.springframework.security.config.annotation.authentication.configuration.InitializeUserDetailsBeanManagerConfigurer' to ERROR
2026-07-02T14:30:57.683+05:30  WARN 14992 --- [CareAssist] [restartedMain] JpaBaseConfiguration$JpaWebConfiguration : spring.jpa.open-in-view is enabled by default. Therefore, database queries may be performed during view rendering. Explicitly configure spring.jpa.open-in-view to disable this warning
2026-07-02T14:30:59.172+05:30  INFO 14992 --- [CareAssist] [restartedMain] o.s.b.d.a.OptionalLiveReloadServer       : LiveReload server is running on port 35729
2026-07-02T14:30:59.276+05:30  INFO 14992 --- [CareAssist] [restartedMain] o.s.b.w.embedded.tomcat.TomcatWebServer  : Tomcat started on port 8080 (http) with context path '/'
2026-07-02T14:30:59.304+05:30  INFO 14992 --- [CareAssist] [restartedMain] c.h.careassist.CareAssistApplication     : Started CareAssistApplication in 14.638 seconds (process running for 16.286)
2026-07-02T14:30:59.315+05:30  WARN 14992 --- [CareAssist] [restartedMain] o.s.core.events.SpringDocAppInitializer  : SpringDoc /v3/api-docs endpoint is enabled by default. To disable it in production, set the property 'springdoc.api-docs.enabled=false'
2026-07-02T14:30:59.315+05:30  WARN 14992 --- [CareAssist] [restartedMain] o.s.core.events.SpringDocAppInitializer  : SpringDoc /swagger-ui.html endpoint is enabled by default. To disable it in production, set the property 'springdoc.swagger-ui.enabled=false'
2026-07-02T14:31:08.136+05:30  INFO 14992 --- [CareAssist] [http-nio-8080-exec-1] o.a.c.c.C.[Tomcat].[localhost].[/]       : Initializing Spring DispatcherServlet 'dispatcherServlet'
2026-07-02T14:31:08.136+05:30  INFO 14992 --- [CareAssist] [http-nio-8080-exec-1] o.s.web.servlet.DispatcherServlet        : Initializing Servlet 'dispatcherServlet'
2026-07-02T14:31:08.141+05:30  INFO 14992 --- [CareAssist] [http-nio-8080-exec-1] o.s.web.servlet.DispatcherServlet        : Completed initialization in 5 ms
2026-07-02T14:31:10.088+05:30  INFO 14992 --- [CareAssist] [http-nio-8080-exec-4] o.springdoc.api.AbstractOpenApiResource  : Init duration for springdoc-openapi is: 1196 ms
2026-07-02T14:32:14.223+05:30  INFO 14992 --- [CareAssist] [http-nio-8080-exec-1] c.h.c.s.impl.InsurancePlanServiceImpl    : Fetching all insurance plans
2026-07-02T14:32:14.336+05:30  INFO 14992 --- [CareAssist] [http-nio-8080-exec-1] c.h.c.s.impl.InsurancePlanServiceImpl    : Total insurance plans fetched: 3
2026-07-02T14:32:14.370+05:30  INFO 14992 --- [CareAssist] [http-nio-8080-exec-2] c.h.c.s.impl.InsurancePlanServiceImpl    : Fetching all insurance plans
2026-07-02T14:32:14.393+05:30  INFO 14992 --- [CareAssist] [http-nio-8080-exec-2] c.h.c.s.impl.InsurancePlanServiceImpl    : Total insurance plans fetched: 3
2026-07-02T14:41:40.687+05:30  INFO 14992 --- [CareAssist] [http-nio-8080-exec-8] c.h.c.service.impl.PatientServiceImpl    : Fetching patient using email dinesh@gmail.com
2026-07-02T14:41:40.759+05:30  INFO 14992 --- [CareAssist] [http-nio-8080-exec-8] c.h.c.service.impl.PatientServiceImpl    : Patient fetched successfully with id 1
2026-07-02T14:45:50.692+05:30  INFO 14992 --- [CareAssist] [http-nio-8080-exec-2] c.h.c.s.impl.InsurancePlanServiceImpl    : Fetching all insurance plans
2026-07-02T14:45:50.809+05:30  INFO 14992 --- [CareAssist] [http-nio-8080-exec-2] c.h.c.s.impl.InsurancePlanServiceImpl    : Total insurance plans fetched: 3
2026-07-02T14:45:50.857+05:30  INFO 14992 --- [CareAssist] [http-nio-8080-exec-2] c.h.c.s.impl.InsurancePlanServiceImpl    : Fetching all insurance plans
2026-07-02T14:45:50.887+05:30  INFO 14992 --- [CareAssist] [http-nio-8080-exec-2] c.h.c.s.impl.InsurancePlanServiceImpl    : Total insurance plans fetched: 3
2026-07-02T14:46:09.550+05:30  INFO 14992 --- [CareAssist] [http-nio-8080-exec-7] c.h.c.s.impl.InsurancePlanServiceImpl    : Fetching all insurance plans
2026-07-02T14:46:09.584+05:30  INFO 14992 --- [CareAssist] [http-nio-8080-exec-7] c.h.c.s.impl.InsurancePlanServiceImpl    : Total insurance plans fetched: 3
2026-07-02T14:46:09.612+05:30  INFO 14992 --- [CareAssist] [http-nio-8080-exec-6] c.h.c.s.impl.InsurancePlanServiceImpl    : Fetching all insurance plans
2026-07-02T14:46:09.643+05:30  INFO 14992 --- [CareAssist] [http-nio-8080-exec-6] c.h.c.s.impl.InsurancePlanServiceImpl    : Total insurance plans fetched: 3
2026-07-02T14:46:14.412+05:30  INFO 14992 --- [CareAssist] [http-nio-8080-exec-8] c.h.c.s.impl.InsurancePlanServiceImpl    : Fetching all insurance plans
2026-07-02T14:46:14.441+05:30  INFO 14992 --- [CareAssist] [http-nio-8080-exec-8] c.h.c.s.impl.InsurancePlanServiceImpl    : Total insurance plans fetched: 3
2026-07-02T14:46:14.765+05:30  INFO 14992 --- [CareAssist] [http-nio-8080-exec-10] c.h.c.s.impl.InsurancePlanServiceImpl    : Fetching all insurance plans
2026-07-02T14:46:14.789+05:30  INFO 14992 --- [CareAssist] [http-nio-8080-exec-10] c.h.c.s.impl.InsurancePlanServiceImpl    : Total insurance plans fetched: 3
2026-07-02T14:50:34.647+05:30  INFO 14992 --- [CareAssist] [http-nio-8080-exec-5] c.h.c.s.impl.InsurancePlanServiceImpl    : Fetching all insurance plans
2026-07-02T14:50:34.739+05:30  INFO 14992 --- [CareAssist] [http-nio-8080-exec-5] c.h.c.s.impl.InsurancePlanServiceImpl    : Total insurance plans fetched: 3
2026-07-02T14:50:34.807+05:30  INFO 14992 --- [CareAssist] [http-nio-8080-exec-4] c.h.c.s.impl.InsurancePlanServiceImpl    : Fetching all insurance plans
2026-07-02T14:50:34.831+05:30  INFO 14992 --- [CareAssist] [http-nio-8080-exec-4] c.h.c.s.impl.InsurancePlanServiceImpl    : Total insurance plans fetched: 3
2026-07-02T14:53:40.528+05:30  INFO 14992 --- [CareAssist] [http-nio-8080-exec-1] c.h.c.s.impl.InsurancePlanServiceImpl    : Fetching all insurance plans
2026-07-02T14:53:40.561+05:30  INFO 14992 --- [CareAssist] [http-nio-8080-exec-1] c.h.c.s.impl.InsurancePlanServiceImpl    : Total insurance plans fetched: 3
2026-07-02T14:53:40.600+05:30  INFO 14992 --- [CareAssist] [http-nio-8080-exec-1] c.h.c.s.impl.InsurancePlanServiceImpl    : Fetching all insurance plans
2026-07-02T14:53:40.631+05:30  INFO 14992 --- [CareAssist] [http-nio-8080-exec-1] c.h.c.s.impl.InsurancePlanServiceImpl    : Total insurance plans fetched: 3
2026-07-02T14:53:44.612+05:30  INFO 14992 --- [CareAssist] [http-nio-8080-exec-3] c.h.c.s.impl.InsurancePlanServiceImpl    : Fetching all insurance plans
2026-07-02T14:53:44.641+05:30  INFO 14992 --- [CareAssist] [http-nio-8080-exec-3] c.h.c.s.impl.InsurancePlanServiceImpl    : Total insurance plans fetched: 3
2026-07-02T14:53:44.666+05:30  INFO 14992 --- [CareAssist] [http-nio-8080-exec-2] c.h.c.s.impl.InsurancePlanServiceImpl    : Fetching all insurance plans
2026-07-02T14:53:44.691+05:30  INFO 14992 --- [CareAssist] [http-nio-8080-exec-2] c.h.c.s.impl.InsurancePlanServiceImpl    : Total insurance plans fetched: 3
2026-07-02T14:54:14.874+05:30  INFO 14992 --- [CareAssist] [http-nio-8080-exec-6] c.h.c.service.impl.PatientServiceImpl    : Fetching patient using email dinesh@gmail.com
2026-07-02T14:54:14.911+05:30  INFO 14992 --- [CareAssist] [http-nio-8080-exec-6] c.h.c.service.impl.PatientServiceImpl    : Patient fetched successfully with id 1
2026-07-02T15:03:56.735+05:30  INFO 14992 --- [CareAssist] [RMI TCP Connection(35)-127.0.0.1] inMXBeanRegistrar$SpringApplicationAdmin : Application shutdown requested.
2026-07-02T15:03:56.942+05:30  INFO 14992 --- [CareAssist] [RMI TCP Connection(35)-127.0.0.1] o.s.b.w.e.tomcat.GracefulShutdown        : Commencing graceful shutdown. Waiting for active requests to complete
2026-07-02T15:03:57.027+05:30  INFO 14992 --- [CareAssist] [tomcat-shutdown] o.s.b.w.e.tomcat.GracefulShutdown        : Graceful shutdown complete
2026-07-02T15:03:57.136+05:30  INFO 14992 --- [CareAssist] [RMI TCP Connection(35)-127.0.0.1] j.LocalContainerEntityManagerFactoryBean : Closing JPA EntityManagerFactory for persistence unit 'default'
2026-07-02T15:03:57.317+05:30  INFO 14992 --- [CareAssist] [RMI TCP Connection(35)-127.0.0.1] com.zaxxer.hikari.HikariDataSource       : HikariPool-1 - Shutdown initiated...
2026-07-02T15:03:57.346+05:30  INFO 14992 --- [CareAssist] [RMI TCP Connection(35)-127.0.0.1] com.zaxxer.hikari.HikariDataSource       : HikariPool-1 - Shutdown completed.
